{
  "decision_date": "2026-01-02",
  "status": "research_monitoring_only",
  "universe": {
    "all_instruments": 1424,
    "equities_at_decision": 361,
    "identifier_bridge_accepted": 311,
    "liquid_equities_examined": 138,
    "mapped_liquid_equities_processed": 126,
    "fundamental_snapshots": 115,
    "screened_with_complete_price_history": 115,
    "eligible_after_screen": 29
  },
  "method": [
    "universo B3 datado",
    "ponte B3/CVM por ticker e ISIN",
    "ITR/DFP disponível até a decisão",
    "liquidez, valor, qualidade e limites de concentração"
  ],
  "holdings": [
    {
      "ticker": "DIRR3",
      "weight": 0.12,
      "score": 0.8226600985221675,
      "why": "Aprovado no ranking de valor e qualidade, após liquidez e critérios de segurança.",
      "risk": "Revisar resultado, preço, liquidez e fatos relevantes antes de qualquer implementação."
    },
    {
      "ticker": "ABCB4",
      "weight": 0.12,
      "score": 0.6798029556650247,
      "why": "Aprovado no ranking de valor e qualidade, após liquidez e critérios de segurança.",
      "risk": "Revisar resultado, preço, liquidez e fatos relevantes antes de qualquer implementação."
    },
    {
      "ticker": "PETR4",
      "weight": 0.12,
      "score": 0.6748768472906405,
      "why": "Aprovado no ranking de valor e qualidade, após liquidez e critérios de segurança.",
      "risk": "Revisar resultado, preço, liquidez e fatos relevantes antes de qualquer implementação."
    },
    {
      "ticker": "BRSR6",
      "weight": 0.12,
      "score": 0.6009852216748769,
      "why": "Aprovado no ranking de valor e qualidade, após liquidez e critérios de segurança.",
      "risk": "Revisar resultado, preço, liquidez e fatos relevantes antes de qualquer implementação."
    },
    {
      "ticker": "CURY3",
      "weight": 0.12,
      "score": 0.5862068965517241,
      "why": "Aprovado no ranking de valor e qualidade, após liquidez e critérios de segurança.",
      "risk": "Revisar resultado, preço, liquidez e fatos relevantes antes de qualquer implementação."
    }
  ],
  "cdi_weight": 0.4,
  "monitoring": {
    "through": "2026-08-12",
    "profiles": {
      "conservador": {
        "equity_weight": 0.35,
        "cdi_weight": 0.65,
        "equity_price_return": -0.017396968274529412,
        "cdi_return": 0.08532564247679741,
        "portfolio_partial_return": 0.04937272871383303
      },
      "equilibrado": {
        "equity_weight": 0.55,
        "cdi_weight": 0.44999999999999996,
        "equity_price_return": -0.017396968274529412,
        "cdi_return": 0.08532564247679741,
        "portfolio_partial_return": 0.02882820656356766
      },
      "arrojado": {
        "equity_weight": 0.75,
        "cdi_weight": 0.25,
        "equity_price_return": -0.017396968274529412,
        "cdi_return": 0.08532564247679741,
        "portfolio_partial_return": 0.008283684413302295
      }
    },
    "label": "Resultado parcial: preços de fechamento B3 nas ações e CDI diário do BCB. Ações ainda não incluem proventos."
  },
  "limitations": [
    "Não é recomendação individual ou ordem.",
    "O universo completo é inventariado; nesta versão, a seleção de ações exige ponte B3/CVM e fundamentos comparáveis.",
    "Acompanhamento de 2026 usa preço oficial B3 sem ajuste de proventos; reconciliação é necessária antes de qualquer alegação institucional."
  ]
}
